[2m$ next build[22m
[1m[38;2;173;127;168m▲ Next.js 16.2.7[39m[22m (Turbopack)
- Environments: .env
- Cache Components enabled
- Experiments (use with caution):
  [1m✓[22m authInterrupts
  [1m✓[22m useLightningcss

[37m[1m [22m[39m Creating an optimized production build ...
[32m[1m✓[22m[39m Compiled successfully in 4.6s
[?25l[37m[1m [22m[39m Running TypeScript  [36m.[39m[2K[1G[37m[1m [22m[39m Running TypeScript  [36m..[39m[2K[1G[37m[1m [22m[39m Running TypeScript  [36m...[39m[2K[1G[37m[1m [22m[39m Running TypeScript  [36m.[39m[2K[1G[37m[1m [22m[39m Running TypeScript  [36m..[39m[2K[1G[37m[1m [22m[39m Running TypeScript  [36m...[39m[2K[1G[37m[1m [22m[39m Running TypeScript  [36m.[39m[2K[1G[37m[1m [22m[39m Running TypeScript  [36m..[39m[2K[1G[37m[1m [22m[39m Running TypeScript  [36m...[39m[2K[1G[37m[1m [22m[39m Running TypeScript  [36m.[39m[2K[1G[37m[1m [22m[39m Running TypeScript  [36m..[39m[2K[1G[37m[1m [22m[39m Running TypeScript  [36m...[39m[2K[1G[37m[1m [22m[39m Running TypeScript  [36m.[39m[2K[1G[37m[1m [22m[39m Running TypeScript  [36m..[39m[2K[1G[37m[1m [22m[39m Running TypeScript  [36m...[39m[2K[1G[37m[1m [22m[39m Running TypeScript  [36m.[39m[2K[1G[37m[1m [22m[39m Running TypeScript  [36m..[39m[2K[1G[37m[1m [22m[39m Running TypeScript  [36m...[39m[2K[1G[37m[1m [22m[39m Running TypeScript  [36m.[39m[2K[1G[37m[1m [22m[39m Running TypeScript  [36m..[39m[2K[1G[37m[1m [22m[39m Running TypeScript  [36m...[39m[2K[1G[?25h[?25l[37m[1m [22m[39m Finished TypeScript in 4.1s  [36m.[39m[2K[1G[?25h[37m[1m [22m[39m Finished TypeScript in 4.1s    [32m[1m✓[22m[39m Finished TypeScript in 4.1s 
[?25l[37m[1m [22m[39m Collecting page data using 17 workers  [36m.[39m[2K[1G[37m[1m [22m[39m Collecting page data using 17 workers  [36m..[39m[2K[1G[37m[1m [22m[39m Collecting page data using 17 workers  [36m...[39m[2K[1G[?25h[37m[1m [22m[39m Collecting page data using 17 workers in 533ms    [32m[1m✓[22m[39m Collecting page data using 17 workers in 533ms 
[?25l[37m[1m [22m[39m Generating static pages using 17 workers (0/27)  [36m[    ][39m[2K[1G[37m[1m [22m[39m Generating static pages using 17 workers (0/27)  [36m[=   ][39m[2K[1G[37m[1m [22m[39m Generating static pages using 17 workers (15/27)  [36m[==  ][39m[2K[1G[?25h[32m[1m✓[22m[39m Generating static pages using 17 workers (27/27) in 557ms
[?25l[37m[1m [22m[39m Finalizing page optimization  [36m.[39m[2K[1G[?25h[37m[1m [22m[39m Finalizing page optimization in 5ms    [32m[1m✓[22m[39m Finalizing page optimization in 5ms 

[4mRoute (app)[24m                           [4mRevalidate[24m  [4mExpire[24m
┌ ○ /                                        30d      1y
├ ○ /_not-found                              30d      1y
├ ◐ /admin                                   30d      1y
├ ƒ /api/admin/ingredient-enrichment
├ ƒ /api/photo/parse
├ ƒ /api/trpc/[trpc]
├ ƒ /api/webhooks/clerk
├ ƒ /api/webhooks/stripe
├ ◐ /bar                                     30d      1y
├ ◐ /bar/ingredients                         30d      1y
├ ◐ /bar/ingredients/[id]
│ └ /bar/ingredients/[id]
├ ◐ /bar/menus                               30d      1y
├ ◐ /bar/menus/[id]/[[...slug]]
│ └ /bar/menus/[id]/[[...slug]]
├ ◐ /bar/menus/[id]/edit
│ └ /bar/menus/[id]/edit
├ ◐ /bar/menus/create                        30d      1y
├ ◐ /bar/recipes                             30d      1y
├ ◐ /bar/recipes/[id]/[[...slug]]
│ └ /bar/recipes/[id]/[[...slug]]
├ ◐ /bar/recipes/[id]/edit
│ └ /bar/recipes/[id]/edit
├ ◐ /bar/recipes/create                      30d      1y
├ ◐ /bar/recipes/create/photo                30d      1y
├ ◐ /bar/recipes/create/structured           30d      1y
├ ◐ /bar/recipes/create/text                 30d      1y
├ ◐ /bar/settings                            30d      1y
├ ○ /privacy                                 30d      1y
├ ◐ /setup                                   30d      1y
└ ○ /terms                                   30d      1y


ƒ Proxy (Middleware)

○  (Static)             prerendered as static content
◐  (Partial Prerender)  prerendered as static HTML with dynamic server-streamed content
ƒ  (Dynamic)            server-rendered on demand

[?25h
